查詢失敗：<urlopen error [Errno 8] nodename nor servname provided, or not known>
查詢失敗：The read operation timed out
查詢失敗：<urlopen error [Errno 8] nodename nor servname provided, or not known>
查詢失敗：<urlopen error [Errno 8] nodename nor servname provided, or not known>
查詢失敗：HTTP Error 502: Bad Gateway
查詢失敗：The read operation timed out
查詢失敗：The read operation timed out
查詢失敗：The read operation timed out
查詢失敗：The read operation timed out
查詢失敗：The read operation timed out
查詢失敗：The read operation timed out
查詢失敗：The read operation timed out
查詢失敗：<urlopen error [Errno 8] nodename nor servname provided, or not known>
查詢失敗：<urlopen error [Errno 8] nodename nor servname provided, or not known>
查詢失敗：The read operation timed out
查詢失敗：The read operation timed out
查詢失敗：The read operation timed out
查詢失敗：The read operation timed out
查詢失敗：The read operation timed out
查詢失敗：The read operation timed out
查詢失敗：The read operation timed out
查詢失敗：<urlopen error [Errno 8] nodename nor servname provided, or not known>
查詢失敗：<urlopen error [Errno 8] nodename nor servname provided, or not known>
查詢失敗：<urlopen error [Errno 8] nodename nor servname provided, or not known>
查詢失敗：<urlopen error [Errno 8] nodename nor servname provided, or not known>
查詢失敗：<urlopen error [Errno 8] nodename nor servname provided, or not known>
查詢失敗：<urlopen error [Errno 8] nodename nor servname provided, or not known>
查詢失敗：<urlopen error [Errno 51] Network is unreachable>
查詢失敗：<urlopen error [Errno 8] nodename nor servname provided, or not known>
查詢失敗：<urlopen error [Errno 8] nodename nor servname provided, or not known>
查詢失敗：[Errno 54] Connection reset by peer
查詢失敗：<urlopen error [Errno 8] nodename nor servname provided, or not known>
查詢失敗：<urlopen error [Errno 8] nodename nor servname provided, or not known>
查詢失敗：[Errno 54] Connection reset by peer
查詢失敗：The read operation timed out
查詢失敗：[Errno 54] Connection reset by peer
查詢失敗：<urlopen error [Errno 8] nodename nor servname provided, or not known>
查詢失敗：The read operation timed out
查詢失敗：<urlopen error [Errno 8] nodename nor servname provided, or not known>
查詢失敗：The read operation timed out
查詢失敗：<urlopen error _ssl.c:1063: The handshake operation timed out>
查詢失敗：[Errno 54] Connection reset by peer
查詢失敗：<urlopen error _ssl.c:1063: The handshake operation timed out>
查詢失敗：<urlopen error [Errno 54] Connection reset by peer>
查詢失敗：[Errno 54] Connection reset by peer
查詢失敗：<urlopen error [Errno 51] Network is unreachable>
查詢失敗：<urlopen error [Errno 8] nodename nor servname provided, or not known>
查詢失敗：<urlopen error [Errno 8] nodename nor servname provided, or not known>
查詢失敗：<urlopen error [Errno 8] nodename nor servname provided, or not known>
查詢失敗：The read operation timed out
查詢失敗：<urlopen error [Errno 8] nodename nor servname provided, or not known>
查詢失敗：<urlopen error [Errno 8] nodename nor servname provided, or not known>
查詢失敗：<urlopen error [Errno 8] nodename nor servname provided, or not known>
查詢失敗：<urlopen error [Errno 8] nodename nor servname provided, or not known>
查詢失敗：<urlopen error [Errno 8] nodename nor servname provided, or not known>
查詢失敗：The read operation timed out
查詢失敗：<urlopen error [Errno 8] nodename nor servname provided, or not known>
查詢失敗：<urlopen error [Errno 8] nodename nor servname provided, or not known>
查詢失敗：<urlopen error [Errno 8] nodename nor servname provided, or not known>
查詢失敗：The read operation timed out
查詢失敗：<urlopen error [Errno 8] nodename nor servname provided, or not known>
